../Core/Src/tim.c:38:6:MX_TIM2_Init	48	static
../Core/Src/tim.c:86:6:MX_TIM3_Init	56	static
../Core/Src/tim.c:130:6:MX_TIM4_Init	56	static
../Core/Src/tim.c:174:6:MX_TIM13_Init	40	static
../Core/Src/tim.c:215:6:MX_TIM14_Init	40	static
../Core/Src/tim.c:256:6:HAL_TIM_PWM_MspInit	24	static
../Core/Src/tim.c:272:6:HAL_TIM_Encoder_MspInit	56	static
../Core/Src/tim.c:334:6:HAL_TIM_Base_MspInit	24	static
../Core/Src/tim.c:360:6:HAL_TIM_MspPostInit	48	static
../Core/Src/tim.c:430:6:HAL_TIM_PWM_MspDeInit	16	static
../Core/Src/tim.c:446:6:HAL_TIM_Encoder_MspDeInit	16	static
../Core/Src/tim.c:489:6:HAL_TIM_Base_MspDeInit	16	static
../Core/Src/tim.c:517:6:start_PWM	8	static
../Core/Src/tim.c:523:6:set_Rotate_Servo	16	static
../Core/Src/tim.c:527:6:set_Slide_Servo	16	static
../Core/Src/tim.c:531:6:set_Motor_X_PWM	16	static
../Core/Src/tim.c:535:6:set_Motor_Z_PWM	16	static
